// Jest Snapshot v1, https://goo.gl/fbAQLP

exports[`Should render the Chart component 1`] = `
<DocumentFragment>
  <div>
    <canvas
      height="150"
      role="img"
      width="300"
    />
  </div>
</DocumentFragment>
`;
